<style type="text/css">
a {
  color: #0000FF;
}

</style>
<div id="div" class="a"></div>
<script type="text/javascript">
// Generated by CoffeeScript PHP 1.3.1
(function() {

  (function() {});

}).call(this);

</script>
<p><strong>italic</strong></p>