Error: Illegal nesting: nesting within doctype is illegal in Array on line 2, column 19